====================================================================================================
Lint Check Report
Questa Lint  Version 2021.1 4558100 win64 28-Jan-2021

Timestamp            : Fri Mar  7 03:16:28 2025
Description          : Report for referring checks count, check violations details, and  design information
Design               : spi_slave_interface_2
Database             : D:/Learning/DigitalKareem/Projects/SPI_Slave_Interface/lint/spi_slave_interface_2/lint.db
Design Quality Score : 100%

Sections:
   Section 1 : Check Summary
   Section 2 : Check Details
   Section 3 : Design Information
====================================================================================================


====================================================================================================
Section 1 : Check Summary
====================================================================================================
-------------
| Error (0) |
-------------

---------------
| Warning (0) |
---------------

------------
| Info (1) |
------------
  parameter_name_duplicate                : 1

----------------
| Resolved (0) |
----------------


====================================================================================================
Section 2 : Check Details
====================================================================================================
-------------
| Error (0) |
-------------


---------------
| Warning (0) |
---------------


------------
| Info (1) |
------------

Check: parameter_name_duplicate [Category: Nomenclature Style] (1)
       [Message: Same parameter name is used in more than one module. Parameter '<parameter>', Total count '<count>', First module: Module '<module1>', File '<file1>', Line '<line1>', Second module: Module '<module2>', File '<file2>', Line '<line2>']
-----------------------------------------------------------------------------------------------------------------------------------------------------------------------------------------------------------------------------------------------------------
parameter_name_duplicate: [uninspected] Same parameter name is used in more than one module. Parameter 'MEM_DEPTH', Total count '2', First module: Module 'single_port_async_ram', File 'D:/Learning/DigitalKareem/Projects/SPI_Slave_Interface/single_port_async_ram.v', Line '3', Second module: Module 'spi_slave_interface_2', File 'D:/Learning/DigitalKareem/Projects/SPI_Slave_Interface/spi_slave_interface_2.v', Line '3'



----------------
| Resolved (0) |
----------------



====================================================================================================
Section 3 : Design Information
====================================================================================================
-----------
| Summary |
-----------
  Register Bits                           : 54
  Latch Bits                              : 0
  User-specified Blackboxes               : 0
  Inferred Blackboxes                     : 0
  Empty Modules                           : 0
  Unresolved Modules                      : 0
  Hierarchical IPs                        : 0

