================================================================================
== Profile: REAL-TIME, CPU-freq = 0.00 GHz
                                                          Calls Real-Time  Parent 
                                                                   (secs) fraction

    <zixl_543IiP35>~_zixl                                                1 33717560645.0 (100.0%)
  zixl_z57-ZAiL~_zixl                                                    1 33717560645.0         
    zixl_iSe2-4IPr155~_zixl                                              1 2754335763.0 (  8.2%)
      zixl_tP42-1eAyPIA2iPL~_zixl                                        1 1658702209.0 ( 60.2%)
        zixl_tP42-ZAiL~_zixl                                             1 1461399931.0 ( 88.1%)
          zixl_bgV-NIAL5eA2iPL~_zixl                                     1 312386468.0 ( 21.4%)
            zixl_V91rdrP41 [R]~_zixl                                   123 65253959.0 ( 20.9%)
            zixl_iSe2-2IAL5eA21-tePq~_zixl                               7 36257120.0 ( 11.6%)
              zixl_2IAL5eA2iLq~_zixl                                     7 35474604.0 ( 97.8%)
                zixl_2IAL5eA21-tePq~_zixl                                7 9061301.0 ( 25.5%)
                <zixl_I152>~_zixl                                          26294538.0 ( 74.1%)
              <zixl_I152>~_zixl                                             782516.0 (  2.2%)
            <zixl_I152>~_zixl                                              210875389.0 ( 67.5%)
          zixl_eiL2-4I1-1eAy-rAeeyAr8~_zixl                             13 84126869.0 (  5.8%)
            zixl_V91rdrP41 [E]~_zixl                                     9 9904564.0 ( 11.8%)
            <zixl_I152>~_zixl                                              74222305.0 ( 88.2%)
          <zixl_I152>~_zixl                                                1063609366.0 ( 72.8%)
        <zixl_I152>~_zixl                                                  197302278.0 ( 11.9%)
      zixl_bgV-I152PI1-UPI8-ZA44iLq~_zixl                                1 267958687.0 (  9.7%)
      zixl_5At1-tP42-SA2A~_zixl                                          1 120984055.0 (  4.4%)
        zixl_iSe2-5At1~_zixl                                             1 120971043.0 (100.0%)
          zixl_42-5At1~_zixl                                             7 111523552.0 ( 92.2%)
          zixl_iSe2-32q-5At1~_zixl                                       1 4202752.0 (  3.5%)
          zixl_4rSy-5At1-iL21IZ1SiA21~_zixl                              1 2182275.0 (  1.8%)
          <zixl_I152>~_zixl                                                3062464.0 (  2.5%)
      <zixl_I152>~_zixl                                                    688789374.0 ( 25.0%)
    <zixl_I152>~_zixl                                                      30963183043.0 ( 91.8%)


================================================================================
== Profile: PEAK-MEMORY, CPU-freq = 0.00 GHz
                                                          Calls   Peak-Mb         
                                                                                  

